<testsuites id="" name="" tests="1" failures="0" skipped="0" errors="0" time="2.673509">
<testsuite name="practiceAnything.spec.ts" timestamp="2026-05-21T11:27:10.942Z" hostname="chrome" tests="1" failures="0" skipped="0" time="0.154" errors="0">
<testcase name="getting custom page" classname="practiceAnything.spec.ts" time="0.154">
</testcase>
</testsuite>
</testsuites>